// Jest Snapshot v1, https://goo.gl/fbAQLP

exports[`YamlView snapshots renders 1`] = `
.c1 {
  display: flex;
  flex-direction: row;
  align-items: center;
  gap: 4px;
  width: 100%;
}

.c3 {
  display: flex;
  flex-direction: row;
  align-items: center;
}

.c4 svg {
  height: 12px;
  width: 12px;
}

.c4 svg path.path-fill,
.c4 svg line.path-fill,
.c4 svg polygon.path-fill,
.c4 svg rect.path-fill,
.c4 svg circle.path-fill,
.c4 svg polyline.path-fill {
  fill: !important;
  transition: fill 200ms cubic-bezier(0.4, 0, 0.2, 1) 0ms;
}

.c4 svg path.stroke-fill,
.c4 svg line.stroke-fill,
.c4 svg polygon.stroke-fill,
.c4 svg rect.stroke-fill,
.c4 svg circle.stroke-fill,
.c4 svg polyline.stroke-fill {
  stroke: !important;
  transition: stroke 200ms cubic-bezier(0.4, 0, 0.2, 1) 0ms;
}

.c4 svg rect.rect-height {
  height: 12px;
  width: 12px;
}

.c4.downward {
  transform: rotate(180deg);
}

.c4.upward {
  transform: initial;
}

.c4 img {
  width: 12px;
}

.c5 svg {
  height: 16px;
  width: 16px;
}

.c5 svg path.path-fill,
.c5 svg line.path-fill,
.c5 svg polygon.path-fill,
.c5 svg rect.path-fill,
.c5 svg circle.path-fill,
.c5 svg polyline.path-fill {
  fill: !important;
  transition: fill 200ms cubic-bezier(0.4, 0, 0.2, 1) 0ms;
}

.c5 svg path.stroke-fill,
.c5 svg line.stroke-fill,
.c5 svg polygon.stroke-fill,
.c5 svg rect.stroke-fill,
.c5 svg circle.stroke-fill,
.c5 svg polyline.stroke-fill {
  stroke: !important;
  transition: stroke 200ms cubic-bezier(0.4, 0, 0.2, 1) 0ms;
}

.c5 svg rect.rect-height {
  height: 16px;
  width: 16px;
}

.c5.downward {
  transform: rotate(180deg);
}

.c5.upward {
  transform: initial;
}

.c5 img {
  width: 16px;
}

.c2 {
  background: #F6F7F9;
  padding: 12px;
  border-bottom: 1px solid #d8d8d8;
  font-family: monospace;
  color: #009CCC;
  text-overflow: ellipsis;
}

.c0 {
  margin-bottom: 12px;
  width: 100%;
  font-size: 12px;
  border: 1px solid #d8d8d8;
  border-radius: 8px;
  overflow: hidden;
}

.c0 .code-wrapper {
  position: relative;
}

.c0 .copy-wrapper {
  position: absolute;
  right: 4px;
  top: 8px;
  background: #F6F7F9;
  padding: 4px 8px;
  border-radius: 2px;
}

.c0 pre {
  padding: 24px 12px!important;
}

<div
  className="c0 UnstyledYamlView"
>
  <div
    className="c1 c2"
  >
    kubectl get kustomization podinfo -n flux-system -o yaml
    <div
      onClick={[Function]}
      style={
        {
          "cursor": "pointer",
        }
      }
    >
      <div
        className="c3 c4"
      >
        <svg
          aria-hidden={true}
          className="MuiSvgIcon-root MuiSvgIcon-fontSizeMedium css-i4bv87-MuiSvgIcon-root"
          data-testid="FileCopyOutlinedIcon"
          focusable="false"
          viewBox="0 0 24 24"
        >
          <path
            d="M16 1H4c-1.1 0-2 .9-2 2v14h2V3h12zm-1 4H8c-1.1 0-1.99.9-1.99 2L6 21c0 1.1.89 2 1.99 2H19c1.1 0 2-.9 2-2V11zM8 21V7h6v5h5v9z"
          />
        </svg>
      </div>
    </div>
  </div>
  <div
    className="code-wrapper"
  >
    <div
      className="copy-wrapper"
    >
      <div
        onClick={[Function]}
        style={
          {
            "cursor": "pointer",
          }
        }
      >
        <div
          className="c3 c5"
        >
          <svg
            aria-hidden={true}
            className="MuiSvgIcon-root MuiSvgIcon-fontSizeMedium css-i4bv87-MuiSvgIcon-root"
            data-testid="FileCopyOutlinedIcon"
            focusable="false"
            viewBox="0 0 24 24"
          >
            <path
              d="M16 1H4c-1.1 0-2 .9-2 2v14h2V3h12zm-1 4H8c-1.1 0-1.99.9-1.99 2L6 21c0 1.1.89 2 1.99 2H19c1.1 0 2-.9 2-2V11zM8 21V7h6v5h5v9z"
            />
          </svg>
        </div>
      </div>
    </div>
    <pre
      style={
        {
          "background": "#fefefe",
          "backgroundColor": "transparent",
          "color": "#545454",
          "display": "block",
          "margin": 0,
          "overflowX": "auto",
          "padding": "0.5em",
        }
      }
    >
      <code
        style={
          {
            "whiteSpace": "pre",
            "wordBreak": "break-word",
          }
        }
      >
        <span
          style={
            {
              "textWrap": "wrap",
            }
          }
        >
          <span
            style={
              {
                "color": "#008000",
              }
            }
          >
            yaml\\nyaml\\nyaml\\n
          </span>
        </span>
      </code>
    </pre>
  </div>
</div>
`;
