// Jest Snapshot v1, https://goo.gl/fbAQLP

exports[`DataTable snapshots renders 1`] = `
.c0 {
  display: flex;
  flex-direction: column;
  align-items: start;
  height: 100%;
  width: 100%;
}

.c2 {
  display: flex;
  flex-direction: row;
  align-items: center;
  width: 100%;
  justify-content: flex-end;
}

.c4 {
  display: flex;
  flex-direction: row;
  align-items: start;
  height: 100%;
  width: 100%;
}

.c5 {
  display: flex;
  flex-direction: row;
  align-items: center;
  gap: 4px;
  justify-content: flex-start;
}

.c7 {
  display: flex;
  flex-direction: row;
  align-items: center;
}

.c10 {
  font-family: 'proxima-nova',Helvetica,Arial,sans-serif;
  font-size: 14px;
  font-weight: 400;
  text-transform: none;
  font-style: normal;
}

.c8 svg {
  height: 16px;
  width: 16px;
}

.c8 svg path.path-fill,
.c8 svg line.path-fill,
.c8 svg polygon.path-fill,
.c8 svg rect.path-fill,
.c8 svg circle.path-fill,
.c8 svg polyline.path-fill {
  fill: !important;
  transition: fill 200ms cubic-bezier(0.4, 0, 0.2, 1) 0ms;
}

.c8 svg path.stroke-fill,
.c8 svg line.stroke-fill,
.c8 svg polygon.stroke-fill,
.c8 svg rect.stroke-fill,
.c8 svg circle.stroke-fill,
.c8 svg polyline.stroke-fill {
  stroke: !important;
  transition: stroke 200ms cubic-bezier(0.4, 0, 0.2, 1) 0ms;
}

.c8 svg rect.rect-height {
  height: 16px;
  width: 16px;
}

.c8.downward {
  transform: rotate(180deg);
}

.c8.upward {
  transform: initial;
}

.c8 .c9 {
  margin-left: 4px;
}

.c8 img {
  width: 16px;
}

.c6.MuiButton-root {
  margin: 0;
  text-transform: none;
  letter-spacing: 0;
}

.c6.MuiButton-text {
  min-width: 0px;
}

.c6.MuiButton-text .selected {
  color: #1a1a1a;
}

.c6.arrow {
  min-width: 0px;
}

.c3 {
  max-width: 100%;
}

.c1 {
  width: 100%;
  flex-wrap: nowrap;
  overflow-x: hidden;
}

.c1 h2 {
  padding: 8px;
  font-size: 12px;
  font-weight: 600;
  color: #737373;
  margin: 0px;
  white-space: nowrap;
  text-transform: uppercase;
  letter-spacing: 1px;
}

.c1 .MuiTableRow-root {
  transition: background 0.5s ease-in-out;
}

.c1 .MuiTableRow-root:not(.MuiTableRow-head):hover {
  background: #f5f5f5;
  transition: background 0.5s ease-in-out;
}

.c1 .MuiTableCell-root {
  border-color: #d8d8d8;
}

.c1 table {
  margin-top: 12px;
}

.c1 th {
  padding: 0;
  background: #F6F7F9;
}

.c1 th .MuiCheckbox-root {
  padding: 4px 9px;
}

.c1 th :first-child {
  border-top-left-radius: 4px;
}

.c1 th :last-child {
  border-top-right-radius: 4px;
}

.c1 td {
  padding-left: 16px;
  white-space: nowrap;
  overflow: hidden;
  text-overflow: ellipsis;
}

.c1 .MuiButton-text:hover {
  background-color: #f5f5f5;
}

<div
  className="c0 c1"
>
  <div
    className="c2 c3"
  />
  <div
    className="c4"
  >
    <div
      className="MuiTableContainer-root css-rorn0c-MuiTableContainer-root"
    >
      <table
        className="MuiTable-root css-yzrxof-MuiTable-root"
        role={null}
      >
        <thead
          className="MuiTableHead-root css-15wwp11-MuiTableHead-root"
          role={null}
        >
          <tr
            className="MuiTableRow-root MuiTableRow-head css-15873pz-MuiTableRow-root"
            role={null}
          >
            <th
              aria-sort={null}
              className="MuiTableCell-root MuiTableCell-head MuiTableCell-sizeMedium css-rk5e0q-MuiTableCell-root"
              scope="col"
            >
              <div
                className="c5"
              >
                <button
                  className="MuiButtonBase-root MuiButton-root MuiButton-text MuiButton-textInherit MuiButton-sizeMedium MuiButton-textSizeMedium MuiButton-colorInherit MuiButton-root MuiButton-text MuiButton-textInherit MuiButton-sizeMedium MuiButton-textSizeMedium MuiButton-colorInherit c6 css-52dp49-MuiButtonBase-root-MuiButton-root"
                  disabled={false}
                  onBlur={[Function]}
                  onClick={[Function]}
                  onContextMenu={[Function]}
                  onDragLeave={[Function]}
                  onFocus={[Function]}
                  onKeyDown={[Function]}
                  onKeyUp={[Function]}
                  onMouseDown={[Function]}
                  onMouseLeave={[Function]}
                  onMouseUp={[Function]}
                  onTouchEnd={[Function]}
                  onTouchMove={[Function]}
                  onTouchStart={[Function]}
                  tabIndex={0}
                  type="button"
                >
                  <h2
                    className="selected"
                  >
                    Name
                  </h2>
                </button>
                <div
                  className="c7 c8 downward"
                >
                  <svg
                    aria-hidden={true}
                    className="MuiSvgIcon-root MuiSvgIcon-fontSizeMedium css-i4bv87-MuiSvgIcon-root"
                    data-testid="ArrowUpwardIcon"
                    focusable="false"
                    viewBox="0 0 24 24"
                  >
                    <path
                      d="m4 12 1.41 1.41L11 7.83V20h2V7.83l5.58 5.59L20 12l-8-8z"
                    />
                  </svg>
                </div>
              </div>
            </th>
            <th
              aria-sort={null}
              className="MuiTableCell-root MuiTableCell-head MuiTableCell-sizeMedium css-rk5e0q-MuiTableCell-root"
              scope="col"
            >
              <div
                className="c5"
              >
                <button
                  className="MuiButtonBase-root MuiButton-root MuiButton-text MuiButton-textInherit MuiButton-sizeMedium MuiButton-textSizeMedium MuiButton-colorInherit MuiButton-root MuiButton-text MuiButton-textInherit MuiButton-sizeMedium MuiButton-textSizeMedium MuiButton-colorInherit c6 css-52dp49-MuiButtonBase-root-MuiButton-root"
                  disabled={false}
                  onBlur={[Function]}
                  onClick={[Function]}
                  onContextMenu={[Function]}
                  onDragLeave={[Function]}
                  onFocus={[Function]}
                  onKeyDown={[Function]}
                  onKeyUp={[Function]}
                  onMouseDown={[Function]}
                  onMouseLeave={[Function]}
                  onMouseUp={[Function]}
                  onTouchEnd={[Function]}
                  onTouchMove={[Function]}
                  onTouchStart={[Function]}
                  tabIndex={0}
                  type="button"
                >
                  <h2
                    className=""
                  >
                    Status
                  </h2>
                </button>
                <div
                  style={
                    {
                      "width": "16px",
                    }
                  }
                />
              </div>
            </th>
            <th
              aria-sort={null}
              className="MuiTableCell-root MuiTableCell-head MuiTableCell-sizeMedium css-rk5e0q-MuiTableCell-root"
              scope="col"
            >
              <div
                className="c5"
              >
                <button
                  className="MuiButtonBase-root MuiButton-root MuiButton-text MuiButton-textInherit MuiButton-sizeMedium MuiButton-textSizeMedium MuiButton-colorInherit MuiButton-root MuiButton-text MuiButton-textInherit MuiButton-sizeMedium MuiButton-textSizeMedium MuiButton-colorInherit c6 css-52dp49-MuiButtonBase-root-MuiButton-root"
                  disabled={false}
                  onBlur={[Function]}
                  onClick={[Function]}
                  onContextMenu={[Function]}
                  onDragLeave={[Function]}
                  onFocus={[Function]}
                  onKeyDown={[Function]}
                  onKeyUp={[Function]}
                  onMouseDown={[Function]}
                  onMouseLeave={[Function]}
                  onMouseUp={[Function]}
                  onTouchEnd={[Function]}
                  onTouchMove={[Function]}
                  onTouchStart={[Function]}
                  tabIndex={0}
                  type="button"
                >
                  <h2
                    className=""
                  >
                    Last Updated
                  </h2>
                </button>
                <div
                  style={
                    {
                      "width": "16px",
                    }
                  }
                />
              </div>
            </th>
            <th
              aria-sort={null}
              className="MuiTableCell-root MuiTableCell-head MuiTableCell-sizeMedium css-rk5e0q-MuiTableCell-root"
              scope="col"
            >
              <div
                className="c5"
              >
                <button
                  className="MuiButtonBase-root MuiButton-root MuiButton-text MuiButton-textInherit MuiButton-sizeMedium MuiButton-textSizeMedium MuiButton-colorInherit MuiButton-root MuiButton-text MuiButton-textInherit MuiButton-sizeMedium MuiButton-textSizeMedium MuiButton-colorInherit c6 css-52dp49-MuiButtonBase-root-MuiButton-root"
                  disabled={false}
                  onBlur={[Function]}
                  onClick={[Function]}
                  onContextMenu={[Function]}
                  onDragLeave={[Function]}
                  onFocus={[Function]}
                  onKeyDown={[Function]}
                  onKeyUp={[Function]}
                  onMouseDown={[Function]}
                  onMouseLeave={[Function]}
                  onMouseUp={[Function]}
                  onTouchEnd={[Function]}
                  onTouchMove={[Function]}
                  onTouchStart={[Function]}
                  tabIndex={0}
                  type="button"
                >
                  <h2
                    className=""
                  >
                    Last Synced At
                  </h2>
                </button>
                <div
                  style={
                    {
                      "width": "16px",
                    }
                  }
                />
              </div>
            </th>
          </tr>
        </thead>
        <tbody
          className="MuiTableBody-root css-apqrd9-MuiTableBody-root"
          role={null}
        >
          <tr
            className="MuiTableRow-root css-15873pz-MuiTableRow-root"
            role={null}
          >
            <td
              aria-sort={null}
              className="MuiTableCell-root MuiTableCell-body MuiTableCell-sizeMedium css-115o6lc-MuiTableCell-root"
            >
              <span
                className="c9 c10"
                size="medium"
              >
                <a
                  href="/some_url"
                >
                  nginx
                </a>
              </span>
            </td>
            <td
              aria-sort={null}
              className="MuiTableCell-root MuiTableCell-body MuiTableCell-sizeMedium css-115o6lc-MuiTableCell-root"
            >
              <span
                className="c9 c10"
                size="medium"
              >
                Ready
              </span>
            </td>
            <td
              aria-sort={null}
              className="MuiTableCell-root MuiTableCell-body MuiTableCell-sizeMedium css-115o6lc-MuiTableCell-root"
            >
              <span
                className="c9 c10"
                size="medium"
              >
                2004-01-02T15:04:05-0700
              </span>
            </td>
            <td
              aria-sort={null}
              className="MuiTableCell-root MuiTableCell-body MuiTableCell-sizeMedium css-115o6lc-MuiTableCell-root"
            >
              <span
                className="c9 c10"
                size="medium"
              >
                3000
              </span>
            </td>
          </tr>
          <tr
            className="MuiTableRow-root css-15873pz-MuiTableRow-root"
            role={null}
          >
            <td
              aria-sort={null}
              className="MuiTableCell-root MuiTableCell-body MuiTableCell-sizeMedium css-115o6lc-MuiTableCell-root"
            >
              <span
                className="c9 c10"
                size="medium"
              >
                <a
                  href="/some_url"
                >
                  podinfo
                </a>
              </span>
            </td>
            <td
              aria-sort={null}
              className="MuiTableCell-root MuiTableCell-body MuiTableCell-sizeMedium css-115o6lc-MuiTableCell-root"
            >
              <span
                className="c9 c10"
                size="medium"
              >
                -
              </span>
            </td>
            <td
              aria-sort={null}
              className="MuiTableCell-root MuiTableCell-body MuiTableCell-sizeMedium css-115o6lc-MuiTableCell-root"
            >
              <span
                className="c9 c10"
                size="medium"
              >
                2006-01-02T15:04:05-0700
              </span>
            </td>
            <td
              aria-sort={null}
              className="MuiTableCell-root MuiTableCell-body MuiTableCell-sizeMedium css-115o6lc-MuiTableCell-root"
            >
              <span
                className="c9 c10"
                size="medium"
              >
                2000
              </span>
            </td>
          </tr>
          <tr
            className="MuiTableRow-root css-15873pz-MuiTableRow-root"
            role={null}
          >
            <td
              aria-sort={null}
              className="MuiTableCell-root MuiTableCell-body MuiTableCell-sizeMedium css-115o6lc-MuiTableCell-root"
            >
              <span
                className="c9 c10"
                size="medium"
              >
                <a
                  href="/some_url"
                >
                  the-cool-app
                </a>
              </span>
            </td>
            <td
              aria-sort={null}
              className="MuiTableCell-root MuiTableCell-body MuiTableCell-sizeMedium css-115o6lc-MuiTableCell-root"
            >
              <span
                className="c9 c10"
                size="medium"
              />
            </td>
            <td
              aria-sort={null}
              className="MuiTableCell-root MuiTableCell-body MuiTableCell-sizeMedium css-115o6lc-MuiTableCell-root"
            >
              <span
                className="c9 c10"
                size="medium"
              >
                2005-01-02T15:04:05-0700
              </span>
            </td>
            <td
              aria-sort={null}
              className="MuiTableCell-root MuiTableCell-body MuiTableCell-sizeMedium css-115o6lc-MuiTableCell-root"
            >
              <span
                className="c9 c10"
                size="medium"
              >
                1000
              </span>
            </td>
          </tr>
        </tbody>
      </table>
    </div>
  </div>
</div>
`;
